Microchip MPLAB XC8 Compiler V2.46

Linker command line:

-W-3 \
  --edf=C:\Program Files\Microchip\xc8\v2.46\pic\dat\20240104201356_en.msgs \
  -cn -h+dist/default/production\RTC_reloj.X.production.sym \
  --cmf=dist/default/production\RTC_reloj.X.production.cmf -z -Q18F4550 \
  -oC:\Users\javie\AppData\Local\Temp\xcAscgo.\driver_tmp_3.o \
  --defsym=__MPLAB_BUILD=1 --fixupoverflow=error \
  -Mdist/default/production/RTC_reloj.X.production.map \
  --md=C:\Users\javie\AppData\Local\Temp\xcAscgo.\driver_tmp_0.dat -E1 \
  -ver=XC8 Compiler --acfsm=1493 -ACODE=00h-07FFFh -ACONST=00h-07FFFh \
  -ASMALLCONST=0800h-08FFhx120 -AMEDIUMCONST=0800h-07FFFh -ACOMRAM=01h-05Fh \
  -AABS1=00h-07FFh -ABIGRAM=01h-07FFh -ARAM=060h-0FFh,0100h-01FFhx7 \
  -ABANK0=060h-0FFh -ABANK1=0100h-01FFh -ABANK2=0200h-02FFh \
  -ABANK3=0300h-03FFh -ABANK4=0400h-04FFh -ABANK5=0500h-05FFh \
  -ABANK6=0600h-06FFh -ABANK7=0700h-07FFh -ASFR=0F60h-0FFFh \
  -ABIGSFR=0F60h-0FFFh -ACONFIG=0300000h-030000Dh -AIDLOC=0200000h-0200007h \
  -AEEDATA=0F00000h-0F000FFh -peeprom_data=EEDATA \
  -preset_vec=00h,intcode,sivt_hi,intcodelo,sivt_lo,powerup,init \
  -pramtop=0800h -psmallconst=SMALLCONST -pmediumconst=MEDIUMCONST \
  -pconst=CONST -AFARRAM=00h-00h \
  -prdata=COMRAM,nvrram=COMRAM,nvbit=COMRAM,rbss=COMRAM,rbit=COMRAM \
  -pfarbss=FARRAM,fardata=FARRAM,nvFARRAM=FARRAM \
  -pintsave_regs=BIGRAM,bigbss=BIGRAM,bigdata=BIGRAM -pbss=RAM \
  -pidata=CODE,irdata=CODE,ibigdata=CODE,ifardata=CODE -prparam=COMRAM \
  C:\Users\javie\AppData\Local\Temp\xcAscgo.\driver_tmp_9.o \
  dist/default/production\RTC_reloj.X.production.o 

Object code version is 3.11

Machine type is 18F4550



                Name                               Link     Load   Length Selector   Space Scale
C:\Users\javie\AppData\Local\Temp\xcAscgo.\driver_tmp_9.o
                idloc                            200000   200000        8        0       5
                config                           300000   300000        E        0       4
                init                                  0        0        4        0       0
dist/default/production\RTC_reloj.X.production.o
                idloc                            200000   200000        8        0       5
                config                           300000   300000        E        0       4
                smallconst                          800      800       14      400       0
                text17                              C46      C46       18      40A       0
                text16                              C04      C04       2A      40A       0
                text15                              CD6      CD6       12      40A       0
                text14                              BAA      BAA       30      40A       0
                text13                              924      924       BC      40A       0
                text12                              BDA      BDA       2A      40A       0
                text11                              AE8      AE8       4A      40A       0
                text10                              9E0      9E0       A0      40A       0
                text9                               C8A      C8A       16      40A       0
                text8                               C74      C74       16      40A       0
                text7                               CC4      CC4       12      40A       0
                text6                               C5E      C5E       16      40A       0
                text5                               CB2      CB2       12      40A       0
                text4                               CA0      CA0       12      40A       0
                text3                               C2E      C2E       18      40A       0
                text2                               B32      B32       42      40A       0
                text1                               A80      A80       68      40A       0
                text0                               814      814      110      40A       0
                cstackCOMRAM                          1        1       15        1       1
                dataCOMRAM                           16       16        E        1       1
                bssCOMRAM                            24       24        6        1       1
                cinit                               B74      B74       36      40A       0
                idataCOMRAM                         CE8      CE8        E      40A       0

TOTAL           Name                               Link     Load   Length     Space
        CLASS   CODE           
                init                                  0        0        4         0
                text17                              C46      C46       18         0
                text16                              C04      C04       2A         0
                text15                              CD6      CD6       12         0
                text14                              BAA      BAA       30         0
                text13                              924      924       BC         0
                text12                              BDA      BDA       2A         0
                text11                              AE8      AE8       4A         0
                text10                              9E0      9E0       A0         0
                text9                               C8A      C8A       16         0
                text8                               C74      C74       16         0
                text7                               CC4      CC4       12         0
                text6                               C5E      C5E       16         0
                text5                               CB2      CB2       12         0
                text4                               CA0      CA0       12         0
                text3                               C2E      C2E       18         0
                text2                               B32      B32       42         0
                text1                               A80      A80       68         0
                text0                               814      814      110         0
                cinit                               B74      B74       36         0
                idataCOMRAM                         CE8      CE8        E         0

        CLASS   CONST          

        CLASS   SMALLCONST     
                smallconst                          800      800       14         0

        CLASS   MEDIUMCONST    

        CLASS   COMRAM         
                cstackCOMRAM                          1        1       15         1
                dataCOMRAM                           16       16        E         1
                bssCOMRAM                            24       24        6         1

        CLASS   ABS1           

        CLASS   BIGRAM         

        CLASS   RAM            

        CLASS   BANK0          

        CLASS   BANK1          

        CLASS   BANK2          

        CLASS   BANK3          

        CLASS   BANK4          

        CLASS   BANK5          

        CLASS   BANK6          

        CLASS   BANK7          

        CLASS   SFR            

        CLASS   BIGSFR         

        CLASS   CONFIG         
                config                           300000   300000        E         4

        CLASS   IDLOC          
                idloc                            200000   200000        8         5

        CLASS   EEDATA         

        CLASS   FARRAM         

        CLASS   HEAP           

        CLASS   STACK          



SEGMENTS        Name                           Load    Length   Top    Selector   Space  Class

                reset_vec                      000000  000004  000004         0       0  CODE    
                cstackCOMRAM                   000001  000029  00002A         1       1  COMRAM  
                smallconst                     000800  000014  000814       400       0  SMALLCON
                text0                          000814  0004E2  000CF6       40A       0  CODE    


UNUSED ADDRESS RANGES

        Name                Unused          Largest block    Delta
        BANK0            000060-0000FF               A0
        BANK1            000100-0001FF              100
        BANK2            000200-0002FF              100
        BANK3            000300-0003FF              100
        BANK4            000400-0004FF              100
        BANK5            000500-0005FF              100
        BANK6            000600-0006FF              100
        BANK7            000700-0007FF              100
        BIGRAM           00002A-0007FF              7D6
        BIGSFR           000F60-000FFF               A0
        CODE             000004-0007FF              7FC
                         000CF6-007FFF             730A
        COMRAM           00002A-00005F               36
        CONST            000004-0007FF              7FC
                         000CF6-007FFF             730A
        EEDATA           F00000-F000FF              100
        MEDIUMCONST      000CF6-007FFF             730A
        RAM              000060-0007FF              100
        SFR              000F60-000FFF               A0
        SMALLCONST       000CF6-007FFF              100

                                  Symbol Table

?_strlen                 cstackCOMRAM 000001
I2C_Tx@data              cstackCOMRAM 000001
_I2C_Ack                 text9        000C8A
_I2C_Init                text17       000C46
_I2C_Nack                text8        000C74
_I2C_Restart             text7        000CC4
_I2C_Rx                  text6        000C5E
_I2C_Start               text5        000CB2
_I2C_Stop                text4        000CA0
_I2C_Tx                  text3        000C2E
_LATC                    (abs)        000F8B
_LATD                    (abs)        000F8C
_LATDbits                (abs)        000F8C
_LCD_init                text13       000924
_PIR1bits                (abs)        000F9E
_SSPADD                  (abs)        000FC8
_SSPBUF                  (abs)        000FC9
_SSPCON1bits             (abs)        000FC6
_SSPCON2                 (abs)        000FC5
_SSPCON2bits             (abs)        000FC5
_SSPSTATbits             (abs)        000FC7
_TRISBbits               (abs)        000F93
_TRISD                   (abs)        000F95
_UCFGbits                (abs)        000F6F
_UCONbits                (abs)        000F6D
__HRAM                   (abs)        000000
__H__absolute__          __absolute__ 000000
__Habs1                  abs1         000000
__Hbank0                 bank0        000000
__Hbank1                 bank1        000000
__Hbank2                 bank2        000000
__Hbank3                 bank3        000000
__Hbank4                 bank4        000000
__Hbank5                 bank5        000000
__Hbank6                 bank6        000000
__Hbank7                 bank7        000000
__Hbigbss                bigbss       000000
__Hbigdata               bigdata      000000
__Hbigram                bigram       000000
__Hbigsfr                bigsfr       000000
__Hbss                   bss          000000
__HbssCOMRAM             bssCOMRAM    000000
__Hcinit                 cinit        000000
__Hclrtext               clrtext      000000
__Hcomram                comram       000000
__Hconfig                config       30000E
__Hconst                 const        000000
__HcstackCOMRAM          cstackCOMRAM 000000
__Hdata                  data         000000
__HdataCOMRAM            dataCOMRAM   000000
__Heeprom_data           eeprom_data  000000
__Hfarbss                farbss       000000
__Hfardata               fardata      000000
__Hheap                  heap         000000
__Hibigdata              ibigdata     000000
__Hidata                 idata        000000
__HidataCOMRAM           idataCOMRAM  000000
__Hidloc                 idloc        200008
__Hifardata              ifardata     000000
__Hinit                  init         000004
__Hintcode               intcode      000000
__Hintcode_body          intcode_body 000000
__Hintcodelo             intcodelo    000000
__Hintentry              intentry     000000
__Hintret                intret       000000
__Hintsave_regs          intsave_regs 000000
__Hirdata                irdata       000000
__Hmediumconst           mediumconst  000000
__HnvFARRAM              nvFARRAM     000000
__Hnvbit                 nvbit        000000
__Hnvrram                nvrram       000000
__Hparam                 rparam       000000
__Hpowerup               powerup      000000
__Hram                   ram          000000
__Hramtop                ramtop       000800
__Hrbit                  rbit         000000
__Hrbss                  rbss         000000
__Hrdata                 rdata        000000
__Hreset_vec             reset_vec    000000
__Hrparam                rparam       000000
__Hsfr                   sfr          000000
__Hsivt_hi               sivt_hi      000000
__Hsivt_lo               sivt_lo      000000
__Hsmallconst            smallconst   000814
__Hspace_0               (abs)        000CF6
__Hspace_1               (abs)        00002A
__Hspace_2               (abs)        000000
__Hspace_4               (abs)        60000E
__Hstack                 stack        000000
__Hstruct                struct       000000
__Htemp                  temp         000000
__Htext                  text         000000
__Htext0                 text0        000000
__Htext1                 text1        000000
__Htext10                text10       000000
__Htext11                text11       000000
__Htext12                text12       000000
__Htext13                text13       000000
__Htext14                text14       000000
__Htext15                text15       000000
__Htext16                text16       000000
__Htext17                text17       000000
__Htext2                 text2        000000
__Htext3                 text3        000000
__Htext4                 text4        000000
__Htext5                 text5        000000
__Htext6                 text6        000000
__Htext7                 text7        000000
__Htext8                 text8        000000
__Htext9                 text9        000000
__LRAM                   (abs)        000001
__L__absolute__          __absolute__ 000000
__Labs1                  abs1         000000
__Lbank0                 bank0        000000
__Lbank1                 bank1        000000
__Lbank2                 bank2        000000
__Lbank3                 bank3        000000
__Lbank4                 bank4        000000
__Lbank5                 bank5        000000
__Lbank6                 bank6        000000
__Lbank7                 bank7        000000
__Lbigbss                bigbss       000000
__Lbigdata               bigdata      000000
__Lbigram                bigram       000000
__Lbigsfr                bigsfr       000000
__Lbss                   bss          000000
__LbssCOMRAM             bssCOMRAM    000000
__Lcinit                 cinit        000000
__Lclrtext               clrtext      000000
__Lcomram                comram       000000
__Lconfig                config       000000
__Lconst                 const        000000
__LcstackCOMRAM          cstackCOMRAM 000000
__Ldata                  data         000000
__LdataCOMRAM            dataCOMRAM   000000
__Leeprom_data           eeprom_data  000000
__Lfarbss                farbss       000000
__Lfardata               fardata      000000
__Lheap                  heap         000000
__Libigdata              ibigdata     000000
__Lidata                 idata        000000
__LidataCOMRAM           idataCOMRAM  000000
__Lidloc                 idloc        000000
__Lifardata              ifardata     000000
__Linit                  init         000000
__Lintcode               intcode      000000
__Lintcode_body          intcode_body 000000
__Lintcodelo             intcodelo    000000
__Lintentry              intentry     000000
__Lintret                intret       000000
__Lintsave_regs          intsave_regs 000000
__Lirdata                irdata       000000
__Lmediumconst           mediumconst  000000
__LnvFARRAM              nvFARRAM     000000
__Lnvbit                 nvbit        000000
__Lnvrram                nvrram       000000
__Lparam                 rparam       000000
__Lpowerup               powerup      000000
__Lram                   ram          000000
__Lramtop                ramtop       000800
__Lrbit                  rbit         000000
__Lrbss                  rbss         000000
__Lrdata                 rdata        000000
__Lreset_vec             reset_vec    000000
__Lrparam                rparam       000000
__Lsfr                   sfr          000000
__Lsivt_hi               sivt_hi      000000
__Lsivt_lo               sivt_lo      000000
__Lsmallconst            smallconst   000800
__Lspace_0               (abs)        000000
__Lspace_1               (abs)        000000
__Lspace_2               (abs)        000000
__Lspace_4               (abs)        000000
__Lstack                 stack        000000
__Lstruct                struct       000000
__Ltemp                  temp         000000
__Ltext                  text         000000
__Ltext0                 text0        000000
__Ltext1                 text1        000000
__Ltext10                text10       000000
__Ltext11                text11       000000
__Ltext12                text12       000000
__Ltext13                text13       000000
__Ltext14                text14       000000
__Ltext15                text15       000000
__Ltext16                text16       000000
__Ltext17                text17       000000
__Ltext2                 text2        000000
__Ltext3                 text3        000000
__Ltext4                 text4        000000
__Ltext5                 text5        000000
__Ltext6                 text6        000000
__Ltext7                 text7        000000
__Ltext8                 text8        000000
__Ltext9                 text9        000000
__S0                     (abs)        000CF6
__S1                     (abs)        00002A
__S4                     (abs)        000000
__S5                     (abs)        000000
___heap_hi               (abs)        000000
___heap_lo               (abs)        000000
___inthi_sp              stack        000000
___inthi_stack_hi        stack        000000
___inthi_stack_lo        stack        000000
___intlo_sp              stack        000000
___intlo_stack_hi        stack        000000
___intlo_stack_lo        stack        000000
___param_bank            (abs)        000000
___rparam_used           (abs)        000001
___sp                    stack        000000
___stack_hi              stack        000000
___stack_lo              stack        000000
__accesstop              (abs)        000060
__activetblptr           (abs)        000002
__end_of_I2C_Ack         text9        000CA0
__end_of_I2C_Init        text17       000C5E
__end_of_I2C_Nack        text8        000C8A
__end_of_I2C_Restart     text7        000CD6
__end_of_I2C_Rx          text6        000C74
__end_of_I2C_Start       text5        000CC4
__end_of_I2C_Stop        text4        000CB2
__end_of_I2C_Tx          text3        000C46
__end_of_LCD_init        text13       0009E0
__end_of__initialization cinit        000BA0
__end_of_delay_ms        text16       000C2E
__end_of_enable_pulse    text15       000CE8
__end_of_limpiar         text12       000C04
__end_of_main            text0        000924
__end_of_mostrar_mensaje text10       000A80
__end_of_read_time       text2        000B74
__end_of_strlen          text11       000B32
__end_of_txbits          text14       000BDA
__end_of_write_time      text1        000AE8
__initialization         cinit        000B74
__mediumconst            mediumconst  000000
__pbssCOMRAM             bssCOMRAM    000024
__pcinit                 cinit        000B74
__pcstackCOMRAM          cstackCOMRAM 000001
__pdataCOMRAM            dataCOMRAM   000016
__pidataCOMRAM           idataCOMRAM  000CE8
__psmallconst            smallconst   000800
__ptext0                 text0        000814
__ptext1                 text1        000A80
__ptext10                text10       0009E0
__ptext11                text11       000AE8
__ptext12                text12       000BDA
__ptext13                text13       000924
__ptext14                text14       000BAA
__ptext15                text15       000CD6
__ptext16                text16       000C04
__ptext17                text17       000C46
__ptext2                 text2        000B32
__ptext3                 text3        000C2E
__ptext4                 text4        000CA0
__ptext5                 text5        000CB2
__ptext6                 text6        000C5E
__ptext7                 text7        000CC4
__ptext8                 text8        000C74
__ptext9                 text9        000C8A
__ramtop                 ramtop       000800
__smallconst             smallconst   000800
_date                    dataCOMRAM   000016
_day                     bssCOMRAM    000026
_delay_ms                text16       000C04
_enable_pulse            text15       000CD6
_hours                   bssCOMRAM    000029
_limpiar                 text12       000BDA
_main                    text0        000814
_minutes                 bssCOMRAM    000028
_month                   bssCOMRAM    000025
_mostrar_mensaje         text10       0009E0
_read_time               text2        000B32
_seconds                 bssCOMRAM    000027
_strlen                  text11       000AE8
_t_i                     dataCOMRAM   00001D
_txbits                  text14       000BAA
_write_time              text1        000A80
_year                    bssCOMRAM    000024
delay_ms@milliseconds    cstackCOMRAM 000002
end_of_initialization    cinit        000BA0
intlevel0                text         000000
intlevel1                text         000000
intlevel2                text         000000
intlevel3                text         000000
isa$std                  (abs)        000001
isa$xinst                (abs)        000000
mostrar_mensaje@i        cstackCOMRAM 00000F
mostrar_mensaje@mensaje  cstackCOMRAM 000009
stackhi                  (abs)        000000
stacklo                  (abs)        000000
start                    init         000000
start_initialization     cinit        000B74
strlen@a                 cstackCOMRAM 000004
strlen@s                 cstackCOMRAM 000001
txbits@d1                cstackCOMRAM 000003
txbits@d2                cstackCOMRAM 000005
txbits@dato              cstackCOMRAM 000007
txbits@temp              cstackCOMRAM 000008


MODULE INFORMATION

Module		Function		Class		Link	Load	Size
main_reloj.c
		_write_time    		CODE           	0A80	0000	104
		_main          		CODE           	0814	0000	272
		_read_time     		CODE           	0B32	0000	66

main_reloj.c estimated size: 442

comi2c.c
		_I2C_Rx        		CODE           	0C5E	0000	22
		_I2C_Stop      		CODE           	0CA0	0000	18
		_I2C_Init      		CODE           	0C46	0000	24
		_I2C_Tx        		CODE           	0C2E	0000	24
		_I2C_Ack       		CODE           	0C8A	0000	22
		_I2C_Nack      		CODE           	0C74	0000	22
		_I2C_Start     		CODE           	0CB2	0000	18
		_I2C_Restart   		CODE           	0CC4	0000	18

comi2c.c estimated size: 168

C:\Program Files\Microchip\xc8\v2.46\pic\sources\c99\common\strlen.c
		_strlen        		CODE           	0AE8	0000	74

C:\Program Files\Microchip\xc8\v2.46\pic\sources\c99\common\strlen.c estimated size: 74

lcd_confi.c
		_mostrar_mensaje		CODE           	09E0	0000	160
		_LCD_init      		CODE           	0924	0000	188
		_txbits        		CODE           	0BAA	0000	48
		_limpiar       		CODE           	0BDA	0000	42
		_delay_ms      		CODE           	0C04	0000	42
		_enable_pulse  		CODE           	0CD6	0000	18

lcd_confi.c estimated size: 498

shared
		__initialization		CODE           	0B74	0000	44

shared estimated size: 44

