Microchip MPLAB XC8 Compiler V2.46

Linker command line:

-W-3 \
  --edf=C:\Program Files\Microchip\xc8\v2.46\pic\dat\20240104201356_en.msgs \
  -cn -h+dist/default/production\RTC_reloj.X.production.sym \
  --cmf=dist/default/production\RTC_reloj.X.production.cmf -z -Q18F4550 \
  -oC:\Users\tymin\AppData\Local\Temp\xcAsq3g.\driver_tmp_3.o \
  --defsym=__MPLAB_BUILD=1 --fixupoverflow=error \
  -Mdist/default/production/RTC_reloj.X.production.map \
  --md=C:\Users\tymin\AppData\Local\Temp\xcAsq3g.\driver_tmp_0.dat -E1 \
  -ver=XC8 Compiler --acfsm=1493 -ACODE=00h-07FFFh -ACONST=00h-07FFFh \
  -ASMALLCONST=0800h-08FFhx120 -AMEDIUMCONST=0800h-07FFFh -ACOMRAM=01h-05Fh \
  -AABS1=00h-07FFh -ABIGRAM=01h-07FFh -ARAM=060h-0FFh,0100h-01FFhx7 \
  -ABANK0=060h-0FFh -ABANK1=0100h-01FFh -ABANK2=0200h-02FFh \
  -ABANK3=0300h-03FFh -ABANK4=0400h-04FFh -ABANK5=0500h-05FFh \
  -ABANK6=0600h-06FFh -ABANK7=0700h-07FFh -ASFR=0F60h-0FFFh \
  -ABIGSFR=0F60h-0FFFh -ACONFIG=0300000h-030000Dh -AIDLOC=0200000h-0200007h \
  -AEEDATA=0F00000h-0F000FFh -peeprom_data=EEDATA \
  -preset_vec=00h,intcode,sivt_hi,intcodelo,sivt_lo,powerup,init \
  -pramtop=0800h -psmallconst=SMALLCONST -pmediumconst=MEDIUMCONST \
  -pconst=CONST -AFARRAM=00h-00h \
  -prdata=COMRAM,nvrram=COMRAM,nvbit=COMRAM,rbss=COMRAM,rbit=COMRAM \
  -pfarbss=FARRAM,fardata=FARRAM,nvFARRAM=FARRAM \
  -pintsave_regs=BIGRAM,bigbss=BIGRAM,bigdata=BIGRAM -pbss=RAM \
  -pidata=CODE,irdata=CODE,ibigdata=CODE,ifardata=CODE -prparam=COMRAM \
  C:\Users\tymin\AppData\Local\Temp\xcAsq3g.\driver_tmp_9.o \
  dist/default/production\RTC_reloj.X.production.o 

Object code version is 3.11

Machine type is 18F4550



                Name                               Link     Load   Length Selector   Space Scale
C:\Users\tymin\AppData\Local\Temp\xcAsq3g.\driver_tmp_9.o
                idloc                            200000   200000        8        0       5
                config                           300000   300000        E        0       4
                init                                  0        0        4        0       0
dist/default/production\RTC_reloj.X.production.o
                idloc                            200000   200000        8        0       5
                config                           300000   300000        E        0       4
                smallconst                          800      800       18      400       0
                text23                              CEA      CEA       18      40C       0
                text22                              C6A      C6A       2A      40C       0
                text21                              D7A      D7A       12      40C       0
                text20                              BE4      BE4       30      40C       0
                text19                              8EC      8EC       BC      40C       0
                text18                              CB4      CB4       1E      40C       0
                text17                              A72      A72       4A      40C       0
                text16                              A28      A28       4A      40C       0
                text15                              C94      C94       20      40C       0
                text14                              C40      C40       2A      40C       0
                text13                              BB4      BB4       30      40C       0
                text12                              9A8      9A8       80      40C       0
                text11                              D2E      D2E       16      40C       0
                text10                              D18      D18       16      40C       0
                text9                               D68      D68       12      40C       0
                text8                               D02      D02       16      40C       0
                text7                               D56      D56       12      40C       0
                text6                               D44      D44       12      40C       0
                text5                               CD2      CD2       18      40C       0
                text4                               B3C      B3C       3E      40C       0
                text3                               AFE      AFE       3E      40C       0
                text2                               ABC      ABC       42      40C       0
                text1                               C14      C14       2C      40C       0
                text0                               818      818       D4      40C       0
                cstackCOMRAM                          F        F        E        1       1
                dataCOMRAM                            1        1        E        1       1
                bssCOMRAM                            1D       1D        8        1       1
                cinit                               B7A      B7A       3A      40C       0
                idataCOMRAM                         D8C      D8C        E      40C       0

TOTAL           Name                               Link     Load   Length     Space
        CLASS   CODE           
                init                                  0        0        4         0
                text23                              CEA      CEA       18         0
                text22                              C6A      C6A       2A         0
                text21                              D7A      D7A       12         0
                text20                              BE4      BE4       30         0
                text19                              8EC      8EC       BC         0
                text18                              CB4      CB4       1E         0
                text17                              A72      A72       4A         0
                text16                              A28      A28       4A         0
                text15                              C94      C94       20         0
                text14                              C40      C40       2A         0
                text13                              BB4      BB4       30         0
                text12                              9A8      9A8       80         0
                text11                              D2E      D2E       16         0
                text10                              D18      D18       16         0
                text9                               D68      D68       12         0
                text8                               D02      D02       16         0
                text7                               D56      D56       12         0
                text6                               D44      D44       12         0
                text5                               CD2      CD2       18         0
                text4                               B3C      B3C       3E         0
                text3                               AFE      AFE       3E         0
                text2                               ABC      ABC       42         0
                text1                               C14      C14       2C         0
                text0                               818      818       D4         0
                cinit                               B7A      B7A       3A         0
                idataCOMRAM                         D8C      D8C        E         0

        CLASS   CONST          

        CLASS   SMALLCONST     
                smallconst                          800      800       18         0

        CLASS   MEDIUMCONST    

        CLASS   COMRAM         
                cstackCOMRAM                          F        F        E         1
                dataCOMRAM                            1        1        E         1
                bssCOMRAM                            1D       1D        8         1

        CLASS   ABS1           

        CLASS   BIGRAM         

        CLASS   RAM            

        CLASS   BANK0          

        CLASS   BANK1          

        CLASS   BANK2          

        CLASS   BANK3          

        CLASS   BANK4          

        CLASS   BANK5          

        CLASS   BANK6          

        CLASS   BANK7          

        CLASS   SFR            

        CLASS   BIGSFR         

        CLASS   CONFIG         
                config                           300000   300000        E         4

        CLASS   IDLOC          
                idloc                            200000   200000        8         5

        CLASS   EEDATA         

        CLASS   FARRAM         

        CLASS   HEAP           

        CLASS   STACK          



SEGMENTS        Name                           Load    Length   Top    Selector   Space  Class

                reset_vec                      000000  000004  000004         0       0  CODE    
                dataCOMRAM                     000001  000024  000025         1       1  COMRAM  
                smallconst                     000800  000018  000818       400       0  SMALLCON
                text0                          000818  000582  000D9A       40C       0  CODE    


UNUSED ADDRESS RANGES

        Name                Unused          Largest block    Delta
        BANK0            000060-0000FF               A0
        BANK1            000100-0001FF              100
        BANK2            000200-0002FF              100
        BANK3            000300-0003FF              100
        BANK4            000400-0004FF              100
        BANK5            000500-0005FF              100
        BANK6            000600-0006FF              100
        BANK7            000700-0007FF              100
        BIGRAM           000025-0007FF              7DB
        BIGSFR           000F60-000FFF               A0
        CODE             000004-0007FF              7FC
                         000D9A-007FFF             7266
        COMRAM           000025-00005F               3B
        CONST            000004-0007FF              7FC
                         000D9A-007FFF             7266
        EEDATA           F00000-F000FF              100
        MEDIUMCONST      000D9A-007FFF             7266
        RAM              000060-0007FF              100
        SFR              000F60-000FFF               A0
        SMALLCONST       000D9A-007FFF              100

                                  Symbol Table

?_strlen                 cstackCOMRAM 00000F
I2C_Tx@data              cstackCOMRAM 00000F
LCD_Data@data            cstackCOMRAM 000017
_I2C_Ack                 text11       000D2E
_I2C_Init                text23       000CEA
_I2C_Nack                text10       000D18
_I2C_Restart             text9        000D68
_I2C_Rx                  text8        000D02
_I2C_Start               text7        000D56
_I2C_Stop                text6        000D44
_I2C_Tx                  text5        000CD2
_LATB                    (abs)        000F8A
_LATC                    (abs)        000F8B
_LATD                    (abs)        000F8C
_LATDbits                (abs)        000F8C
_LCD_Data                text18       000CB4
_LCD_init                text19       0008EC
_PIR1bits                (abs)        000F9E
_PORTCbits               (abs)        000F82
_SSPADD                  (abs)        000FC8
_SSPBUF                  (abs)        000FC9
_SSPCON1bits             (abs)        000FC6
_SSPCON2                 (abs)        000FC5
_SSPCON2bits             (abs)        000FC5
_SSPSTATbits             (abs)        000FC7
_TRISBbits               (abs)        000F93
_TRISD                   (abs)        000F95
_UCFGbits                (abs)        000F6F
_UCONbits                (abs)        000F6D
__HRAM                   (abs)        000000
__H__absolute__          __absolute__ 000000
__Habs1                  abs1         000000
__Hbank0                 bank0        000000
__Hbank1                 bank1        000000
__Hbank2                 bank2        000000
__Hbank3                 bank3        000000
__Hbank4                 bank4        000000
__Hbank5                 bank5        000000
__Hbank6                 bank6        000000
__Hbank7                 bank7        000000
__Hbigbss                bigbss       000000
__Hbigdata               bigdata      000000
__Hbigram                bigram       000000
__Hbigsfr                bigsfr       000000
__Hbss                   bss          000000
__HbssCOMRAM             bssCOMRAM    000000
__Hcinit                 cinit        000000
__Hclrtext               clrtext      000000
__Hcomram                comram       000000
__Hconfig                config       30000E
__Hconst                 const        000000
__HcstackCOMRAM          cstackCOMRAM 000000
__Hdata                  data         000000
__HdataCOMRAM            dataCOMRAM   000000
__Heeprom_data           eeprom_data  000000
__Hfarbss                farbss       000000
__Hfardata               fardata      000000
__Hheap                  heap         000000
__Hibigdata              ibigdata     000000
__Hidata                 idata        000000
__HidataCOMRAM           idataCOMRAM  000000
__Hidloc                 idloc        200008
__Hifardata              ifardata     000000
__Hinit                  init         000004
__Hintcode               intcode      000000
__Hintcode_body          intcode_body 000000
__Hintcodelo             intcodelo    000000
__Hintentry              intentry     000000
__Hintret                intret       000000
__Hintsave_regs          intsave_regs 000000
__Hirdata                irdata       000000
__Hmediumconst           mediumconst  000000
__HnvFARRAM              nvFARRAM     000000
__Hnvbit                 nvbit        000000
__Hnvrram                nvrram       000000
__Hparam                 rparam       000000
__Hpowerup               powerup      000000
__Hram                   ram          000000
__Hramtop                ramtop       000800
__Hrbit                  rbit         000000
__Hrbss                  rbss         000000
__Hrdata                 rdata        000000
__Hreset_vec             reset_vec    000000
__Hrparam                rparam       000000
__Hsfr                   sfr          000000
__Hsivt_hi               sivt_hi      000000
__Hsivt_lo               sivt_lo      000000
__Hsmallconst            smallconst   000818
__Hspace_0               (abs)        000D9A
__Hspace_1               (abs)        000025
__Hspace_2               (abs)        000000
__Hspace_4               (abs)        60000E
__Hstack                 stack        000000
__Hstruct                struct       000000
__Htemp                  temp         000000
__Htext                  text         000000
__Htext0                 text0        000000
__Htext1                 text1        000000
__Htext10                text10       000000
__Htext11                text11       000000
__Htext12                text12       000000
__Htext13                text13       000000
__Htext14                text14       000000
__Htext15                text15       000000
__Htext16                text16       000000
__Htext17                text17       000000
__Htext18                text18       000000
__Htext19                text19       000000
__Htext2                 text2        000000
__Htext20                text20       000000
__Htext21                text21       000000
__Htext22                text22       000000
__Htext23                text23       000000
__Htext3                 text3        000000
__Htext4                 text4        000000
__Htext5                 text5        000000
__Htext6                 text6        000000
__Htext7                 text7        000000
__Htext8                 text8        000000
__Htext9                 text9        000000
__LRAM                   (abs)        000001
__L__absolute__          __absolute__ 000000
__Labs1                  abs1         000000
__Lbank0                 bank0        000000
__Lbank1                 bank1        000000
__Lbank2                 bank2        000000
__Lbank3                 bank3        000000
__Lbank4                 bank4        000000
__Lbank5                 bank5        000000
__Lbank6                 bank6        000000
__Lbank7                 bank7        000000
__Lbigbss                bigbss       000000
__Lbigdata               bigdata      000000
__Lbigram                bigram       000000
__Lbigsfr                bigsfr       000000
__Lbss                   bss          000000
__LbssCOMRAM             bssCOMRAM    000000
__Lcinit                 cinit        000000
__Lclrtext               clrtext      000000
__Lcomram                comram       000000
__Lconfig                config       000000
__Lconst                 const        000000
__LcstackCOMRAM          cstackCOMRAM 000000
__Ldata                  data         000000
__LdataCOMRAM            dataCOMRAM   000000
__Leeprom_data           eeprom_data  000000
__Lfarbss                farbss       000000
__Lfardata               fardata      000000
__Lheap                  heap         000000
__Libigdata              ibigdata     000000
__Lidata                 idata        000000
__LidataCOMRAM           idataCOMRAM  000000
__Lidloc                 idloc        000000
__Lifardata              ifardata     000000
__Linit                  init         000000
__Lintcode               intcode      000000
__Lintcode_body          intcode_body 000000
__Lintcodelo             intcodelo    000000
__Lintentry              intentry     000000
__Lintret                intret       000000
__Lintsave_regs          intsave_regs 000000
__Lirdata                irdata       000000
__Lmediumconst           mediumconst  000000
__LnvFARRAM              nvFARRAM     000000
__Lnvbit                 nvbit        000000
__Lnvrram                nvrram       000000
__Lparam                 rparam       000000
__Lpowerup               powerup      000000
__Lram                   ram          000000
__Lramtop                ramtop       000800
__Lrbit                  rbit         000000
__Lrbss                  rbss         000000
__Lrdata                 rdata        000000
__Lreset_vec             reset_vec    000000
__Lrparam                rparam       000000
__Lsfr                   sfr          000000
__Lsivt_hi               sivt_hi      000000
__Lsivt_lo               sivt_lo      000000
__Lsmallconst            smallconst   000800
__Lspace_0               (abs)        000000
__Lspace_1               (abs)        000000
__Lspace_2               (abs)        000000
__Lspace_4               (abs)        000000
__Lstack                 stack        000000
__Lstruct                struct       000000
__Ltemp                  temp         000000
__Ltext                  text         000000
__Ltext0                 text0        000000
__Ltext1                 text1        000000
__Ltext10                text10       000000
__Ltext11                text11       000000
__Ltext12                text12       000000
__Ltext13                text13       000000
__Ltext14                text14       000000
__Ltext15                text15       000000
__Ltext16                text16       000000
__Ltext17                text17       000000
__Ltext18                text18       000000
__Ltext19                text19       000000
__Ltext2                 text2        000000
__Ltext20                text20       000000
__Ltext21                text21       000000
__Ltext22                text22       000000
__Ltext23                text23       000000
__Ltext3                 text3        000000
__Ltext4                 text4        000000
__Ltext5                 text5        000000
__Ltext6                 text6        000000
__Ltext7                 text7        000000
__Ltext8                 text8        000000
__Ltext9                 text9        000000
__S0                     (abs)        000D9A
__S1                     (abs)        000025
__S4                     (abs)        000000
__S5                     (abs)        000000
___heap_hi               (abs)        000000
___heap_lo               (abs)        000000
___inthi_sp              stack        000000
___inthi_stack_hi        stack        000000
___inthi_stack_lo        stack        000000
___intlo_sp              stack        000000
___intlo_stack_hi        stack        000000
___intlo_stack_lo        stack        000000
___param_bank            (abs)        000000
___rparam_used           (abs)        000001
___sp                    stack        000000
___stack_hi              stack        000000
___stack_lo              stack        000000
__accesstop              (abs)        000060
__activetblptr           (abs)        000001
__end_of_I2C_Ack         text11       000D44
__end_of_I2C_Init        text23       000D02
__end_of_I2C_Nack        text10       000D2E
__end_of_I2C_Restart     text9        000D7A
__end_of_I2C_Rx          text8        000D18
__end_of_I2C_Start       text7        000D68
__end_of_I2C_Stop        text6        000D56
__end_of_I2C_Tx          text5        000CEA
__end_of_LCD_Data        text18       000CD2
__end_of_LCD_init        text19       0009A8
__end_of__initialization cinit        000BA6
__end_of_delay_ms        text22       000C94
__end_of_enable_pulse    text21       000D8C
__end_of_fecha_pantalla  text17       000ABC
__end_of_hora_pantalla   text16       000A72
__end_of_init            text15       000CB4
__end_of_limpiar         text14       000C6A
__end_of_main            text0        0008EC
__end_of_mostrar_mensaje text12       000A28
__end_of_read_date       text4        000B7A
__end_of_read_time       text3        000B3C
__end_of_strlen          text13       000BE4
__end_of_tiempo_bcd      text2        000AFE
__end_of_txbits          text20       000C14
__end_of_write_time      text1        000C40
__initialization         cinit        000B7A
__mediumconst            mediumconst  000000
__pbssCOMRAM             bssCOMRAM    00001D
__pcinit                 cinit        000B7A
__pcstackCOMRAM          cstackCOMRAM 00000F
__pdataCOMRAM            dataCOMRAM   000001
__pidataCOMRAM           idataCOMRAM  000D8C
__psmallconst            smallconst   000800
__ptext0                 text0        000818
__ptext1                 text1        000C14
__ptext10                text10       000D18
__ptext11                text11       000D2E
__ptext12                text12       0009A8
__ptext13                text13       000BB4
__ptext14                text14       000C40
__ptext15                text15       000C94
__ptext16                text16       000A28
__ptext17                text17       000A72
__ptext18                text18       000CB4
__ptext19                text19       0008EC
__ptext2                 text2        000ABC
__ptext20                text20       000BE4
__ptext21                text21       000D7A
__ptext22                text22       000C6A
__ptext23                text23       000CEA
__ptext3                 text3        000AFE
__ptext4                 text4        000B3C
__ptext5                 text5        000CD2
__ptext6                 text6        000D44
__ptext7                 text7        000D56
__ptext8                 text8        000D02
__ptext9                 text9        000D68
__ramtop                 ramtop       000800
__smallconst             smallconst   000800
_date                    dataCOMRAM   000001
_day                     bssCOMRAM    000021
_delay_ms                text22       000C6A
_enable_pulse            text21       000D7A
_fecha_pantalla          text17       000A72
_hora_pantalla           text16       000A28
_hours                   bssCOMRAM    000024
_init                    text15       000C94
_limpiar                 text14       000C40
_main                    text0        000818
_minutes                 bssCOMRAM    000023
_month                   bssCOMRAM    000020
_mostrar_mensaje         text12       0009A8
_pantalla_actual         bssCOMRAM    00001D
_read_date               text4        000B3C
_read_time               text3        000AFE
_seconds                 bssCOMRAM    000022
_strlen                  text13       000BB4
_t_in                    dataCOMRAM   000008
_tiempo_bcd              text2        000ABC
_txbits                  text20       000BE4
_write_time              text1        000C14
_year                    bssCOMRAM    00001F
delay_ms@milliseconds    cstackCOMRAM 000010
end_of_initialization    cinit        000BA6
intlevel0                text         000000
intlevel1                text         000000
intlevel2                text         000000
intlevel3                text         000000
isa$std                  (abs)        000001
isa$xinst                (abs)        000000
mostrar_mensaje@i        cstackCOMRAM 000019
mostrar_mensaje@mensaje  cstackCOMRAM 000017
stackhi                  (abs)        000000
stacklo                  (abs)        000000
start                    init         000000
start_initialization     cinit        000B7A
strlen@a                 cstackCOMRAM 000011
strlen@s                 cstackCOMRAM 00000F
tiempo_bcd@i             cstackCOMRAM 00000F
txbits@d1                cstackCOMRAM 000011
txbits@d2                cstackCOMRAM 000013
txbits@dato              cstackCOMRAM 000015
txbits@temp              cstackCOMRAM 000016


MODULE INFORMATION

Module		Function		Class		Link	Load	Size
main_reloj.c
		_init          		CODE           	0C94	0000	32
		_tiempo_bcd    		CODE           	0ABC	0000	66
		_write_time    		CODE           	0C14	0000	44
		_fecha_pantalla		CODE           	0A72	0000	74
		_main          		CODE           	0818	0000	212
		_hora_pantalla 		CODE           	0A28	0000	74
		_read_date     		CODE           	0B3C	0000	62
		_read_time     		CODE           	0AFE	0000	62

main_reloj.c estimated size: 626

comi2c.c
		_I2C_Rx        		CODE           	0D02	0000	22
		_I2C_Stop      		CODE           	0D44	0000	18
		_I2C_Init      		CODE           	0CEA	0000	24
		_I2C_Tx        		CODE           	0CD2	0000	24
		_I2C_Ack       		CODE           	0D2E	0000	22
		_I2C_Nack      		CODE           	0D18	0000	22
		_I2C_Start     		CODE           	0D56	0000	18
		_I2C_Restart   		CODE           	0D68	0000	18

comi2c.c estimated size: 168

C:\Program Files\Microchip\xc8\v2.46\pic\sources\c99\common\strlen.c
		_strlen        		CODE           	0BB4	0000	48

C:\Program Files\Microchip\xc8\v2.46\pic\sources\c99\common\strlen.c estimated size: 48

lcd_confi.c
		_LCD_Data      		CODE           	0CB4	0000	30
		_mostrar_mensaje		CODE           	09A8	0000	128
		_LCD_init      		CODE           	08EC	0000	188
		_txbits        		CODE           	0BE4	0000	48
		_limpiar       		CODE           	0C40	0000	42
		_delay_ms      		CODE           	0C6A	0000	42
		_enable_pulse  		CODE           	0D7A	0000	18

lcd_confi.c estimated size: 496

shared
		__initialization		CODE           	0B7A	0000	44

shared estimated size: 44

